To honour the JVM settings for this build a single-use Daemon process will be forked. For more on this, please refer to https://docs.gradle.org/8.11.1/userguide/gradle_daemon.html#sec:disabling_the_daemon in the Gradle documentation.
Daemon will be stopped at the end of the build 
> Task :ml:checkKotlinGradlePluginConfigurationErrors SKIPPED
> Task :ml:preBuild UP-TO-DATE
> Task :ml:preDebugBuild UP-TO-DATE
> Task :ml:generateDebugResValues UP-TO-DATE
> Task :ml:generateDebugResources UP-TO-DATE
> Task :ml:packageDebugResources UP-TO-DATE
> Task :ml:parseDebugLocalResources UP-TO-DATE
> Task :ml:generateDebugRFile UP-TO-DATE

> Task :ml:compileDebugKotlin
w: file:///D:/AI/AIModel/hiringai-ml-kit/ml/src/main/java/com/hiringai/mobile/ml/catalog/ModelSelectionDialog.kt:13:8 'class TabHost : FrameLayout, ViewTreeObserver.OnTouchModeChangeListener' is deprecated. Deprecated in Java.
w: file:///D:/AI/AIModel/hiringai-ml-kit/ml/src/main/java/com/hiringai/mobile/ml/catalog/ModelSelectionDialog.kt:108:35 'class TabHost : FrameLayout, ViewTreeObserver.OnTouchModeChangeListener' is deprecated. Deprecated in Java.
w: file:///D:/AI/AIModel/hiringai-ml-kit/ml/src/main/java/com/hiringai/mobile/ml/catalog/ModelSelectionDialog.kt:169:19 'constructor(p0: Context!): TabHost' is deprecated. Deprecated in Java.
w: file:///D:/AI/AIModel/hiringai-ml-kit/ml/src/main/java/com/hiringai/mobile/ml/catalog/ModelSelectionDialog.kt:172:40 'constructor(p0: Context!): TabWidget' is deprecated. Deprecated in Java.
w: file:///D:/AI/AIModel/hiringai-ml-kit/ml/src/main/java/com/hiringai/mobile/ml/catalog/ModelSelectionDialog.kt:181:17 'fun setup(): Unit' is deprecated. Deprecated in Java.
w: file:///D:/AI/AIModel/hiringai-ml-kit/ml/src/main/java/com/hiringai/mobile/ml/catalog/ModelSelectionDialog.kt:202:21 'fun addTab(p0: TabHost.TabSpec!): Unit' is deprecated. Deprecated in Java.
w: file:///D:/AI/AIModel/hiringai-ml-kit/ml/src/main/java/com/hiringai/mobile/ml/catalog/ModelSelectionDialog.kt:202:36 'fun newTabSpec(p0: String): TabHost.TabSpec' is deprecated. Deprecated in Java.
w: file:///D:/AI/AIModel/hiringai-ml-kit/ml/src/main/java/com/hiringai/mobile/ml/catalog/ModelSelectionDialog.kt:203:17 'fun setIndicator(p0: CharSequence!): TabHost.TabSpec!' is deprecated. Deprecated in Java.
w: file:///D:/AI/AIModel/hiringai-ml-kit/ml/src/main/java/com/hiringai/mobile/ml/catalog/ModelSelectionDialog.kt:204:17 'fun setContent(p0: Int): TabHost.TabSpec!' is deprecated. Deprecated in Java.
w: file:///D:/AI/AIModel/hiringai-ml-kit/ml/src/main/java/com/hiringai/mobile/ml/catalog/ModelSelectionDialog.kt:218:17 'fun setOnTabChangedListener(p0: TabHost.OnTabChangeListener!): Unit' is deprecated. Deprecated in Java.
w: file:///D:/AI/AIModel/hiringai-ml-kit/ml/src/main/java/com/hiringai/mobile/ml/catalog/ModelSelectionDialog.kt:344:34 'val currentTabTag: String?' is deprecated. Deprecated in Java.

BUILD SUCCESSFUL in 27s
6 actionable tasks: 1 executed, 5 up-to-date
