[94m[16:10:20] INFO: HiringAI-ML-Kit �Զ������Կ�ʼ[0m
[94m[16:10:20] INFO: ʱ��: 2026-04-26 16:10:20[0m
[94m[16:10:20] INFO: APK: d:\AI\AIModel\hiringai-ml-kit\app\build\outputs\apk\debug\app-debug.apk[0m
[94m[16:10:20] INFO: �ȴ��豸����...[0m
[94m[16:10:21] INFO: �豸������[0m
[94m[16:10:21] INFO: �����豸: sdk_gphone16k_x86_64 (Android 17)[0m
[94m[16:10:21] INFO: ==================================================[0m
[94m[16:10:21] INFO: ����: ������[0m
[94m[16:10:21] INFO: ==================================================[0m
[94m[16:10:21] INFO: ���������...[0m
[94m[16:10:22] INFO: ���Activity: com.hiringai.mobile.ml.testapp/com.hiringai.mobile.ml.testapp.ui.MainActivity[0m
[94m[16:10:22] INFO: ������: 0[0m
[92m[16:10:25] SUCCESS: ��ͼ�ѱ���: d:\AI\AIModel\test-screenshots\main_activity_161024.png[0m
[94m[16:10:25] INFO: ����豸��Ϣ��ʾ...[0m
[94m[16:10:25] INFO: �豸: sdk_gphone16k_x86_64, Android 17[0m
[92m[16:10:25] SUCCESS: Ӧ����������[0m
[94m[16:10:25] INFO: Ӧ�ð汾: 1.0.0[0m
[94m[16:10:25] INFO: ��ȡӦ����־...[0m
[93m[16:10:26] WARN: δ��⵽��������־[0m
[94m[16:10:26] INFO: ==================================================[0m
[94m[16:10:26] INFO: ����: ģ��Ŀ¼[0m
[94m[16:10:26] INFO: ==================================================[0m
[94m[16:10:26] INFO: ���Activity: com.hiringai.mobile.ml.testapp/com.hiringai.mobile.ml.testapp.ui.MainActivity[0m
[94m[16:10:26] INFO: ������: 0[0m
[94m[16:10:28] INFO: ���ģ��Ŀ¼��ť...[0m
[92m[16:10:29] SUCCESS: ��ͼ�ѱ���: d:\AI\AIModel\test-screenshots\model_catalog_161029.png[0m
[92m[16:10:32] SUCCESS: ģ��Ŀ¼����������[0m
[94m[16:10:32] INFO: ==================================================[0m
[94m[16:10:32] INFO: ����: ��־�鿴[0m
[94m[16:10:32] INFO: ==================================================[0m
[94m[16:10:32] INFO: �����־�鿴...[0m
[94m[16:10:32] INFO: ���Activity: com.hiringai.mobile.ml.testapp/com.hiringai.mobile.ml.testapp.ui.LogViewerActivity[0m
[94m[16:10:32] INFO: ������: 255[0m
[92m[16:10:32] SUCCESS: ���Ա����ѱ���: d:\AI\AIModel\test-logs\test_report_all_20260426_161032.txt[0m
[94m[16:10:32] INFO: [0m
[94m[16:10:32] INFO: ==================================================[0m
[94m[16:10:32] INFO: �������: 3 ͨ��, 1 ʧ��[0m
[94m[16:10:32] INFO: ==================================================[0m
[92m[16:10:32] SUCCESS: ��ͼ�ѱ���: d:\AI\AIModel\test-screenshots\final_state_161032.png[0m
